Script started on 2025-11-05 17:14:12+05:30 [TERM="xterm-256color" TTY="/dev/pts/1" COLUMNS="123" LINES="12"]
[?2004h]0;anshagrawal@hestabit-Latitude-3450: ~/git-mastery[01;32manshagrawal@hestabit-Latitude-3450[00m:[01;34m~/git-mastery[00m$ git stash 
[?2004lSaved working directory and index state WIP on main: 00e7213 Revert "Fixed : buggy code"
[?2004h]0;anshagrawal@hestabit-Latitude-3450: ~/git-mastery[01;32manshagrawal@hestabit-Latitude-3450[00m:[01;34m~/git-mastery[00m$ git pull 
[?2004lThere is no tracking information for the current branch.
Please specify which branch you want to merge with.
See git-pull(1) for details.

    git pull <remote> <branch>

If you wish to set tracking information for this branch you can do so with:

    git branch --set-upstream-to=origin/<branch> main

[?2004h]0;anshagrawal@hestabit-Latitude-3450: ~/git-mastery[01;32manshagrawal@hestabit-Latitude-3450[00m:[01;34m~/git-mastery[00m$ git pull origin main 
[?2004lFrom https://github.com/ansh-stack00/git-mastery
 * branch            main       -> FETCH_HEAD
Already up to date.
[?2004h]0;anshagrawal@hestabit-Latitude-3450: ~/git-mastery[01;32manshagrawal@hestabit-Latitude-3450[00m:[01;34m~/git-mastery[00m$ git stash apply
[?2004lOn branch main
Changes to be committed:
  (use "git restore --staged <file>..." to unstage)
	[32mnew file:   temp.js[m

Untracked files:
  (use "git add <file>..." to include in what will be committed)
	[31mstash-session.txt[m

[?2004h]0;anshagrawal@hestabit-Latitude-3450: ~/git-mastery[01;32manshagrawal@hestabit-Latitude-3450[00m:[01;34m~/git-mastery[00m$ exit 
[?2004lexit

Script done on 2025-11-05 17:16:44+05:30 [COMMAND_EXIT_CODE="0"]
